Traceback (most recent call last):
  File "/home/mountainatic/modeling_school/zhangsproject/tools/run_phase1_scheme_a.py", line 873, in <module>
    raise SystemExit(main())
  File "/home/mountainatic/modeling_school/zhangsproject/tools/run_phase1_scheme_a.py", line 859, in main
    fork_job(args, device)
  File "/home/mountainatic/modeling_school/zhangsproject/tools/run_phase1_scheme_a.py", line 508, in fork_job
    prune = prune_external_path(
  File "/home/mountainatic/modeling_school/zhangsproject/src/ar_raphu/training.py", line 244, in prune_external_path
    train_mse = _train_full_split_step(
  File "/home/mountainatic/modeling_school/zhangsproject/src/ar_raphu/training.py", line 88, in _train_full_split_step
    residual = _forward_batch(model, batch) - batch["target"]
  File "/home/mountainatic/modeling_school/zhangsproject/src/ar_raphu/training.py", line 61, in _forward_batch
    return model.forward_contiguous(
  File "/home/mountainatic/modeling_school/zhangsproject/src/ar_raphu/model.py", line 401, in forward_contiguous
    _, external_aux = self.external_branch.forward_contiguous(
  File "/home/mountainatic/modeling_school/zhangsproject/STAGE1_DUAL_SOLVER_V20_bundle/stage1/model.py", line 296, in forward_contiguous
    "branch_norm": self.response_branches.compute_branch_norms().to(q_static),
  File "/home/mountainatic/modeling_school/zhangsproject/STAGE1_DUAL_SOLVER_V20_bundle/stage1/response_kan.py", line 150, in compute_branch_norms
    term = parameter.detach().square().sum()
KeyboardInterrupt
