/root/autodl-tmp/PRISM_V211_NEUROBEM_MANIFOLD_SWITCH_R1/PRISM_INDUSTRIAL_BENCHMARK_V1/src/prism_benchmark/neurobem_linear.py:123: LinAlgWarning: Ill-conditioned matrix (rcond=1.16026e-19): result may not be accurate.
  coefficient = linalg.solve(penalized, rhs, assume_a="pos", check_finite=False)
{
  "status": "COMPLETED",
  "partition": "calibration",
  "trajectory_count": 60,
  "rows": [
    {
      "route": "J_KCW",
      "ablation": "combined",
      "trajectories": 60,
      "divergence_rate": 0.85,
      "alarm_rate": 0.03333333333333333,
      "positive_lead_fraction": 0.0,
      "median_lead_time": -655.5,
      "mean_velocity_error": 2.9603349354112165e+149,
      "mean_attitude_error": 0.837153803366567,
      "static_divergence_rate": 0.85,
      "divergence_avoided_count": 0,
      "false_alarm_total": 0,
      "false_switch_total": 0,
      "new_models_created": 0
    },
    {
      "route": "J_KCW",
      "ablation": "combined_switch",
      "trajectories": 60,
      "divergence_rate": 0.85,
      "alarm_rate": 0.03333333333333333,
      "positive_lead_fraction": 0.0,
      "median_lead_time": -655.5,
      "mean_velocity_error": 2.9603349354112165e+149,
      "mean_attitude_error": 0.837153803366567,
      "static_divergence_rate": 0.85,
      "divergence_avoided_count": 0,
      "false_alarm_total": 0,
      "false_switch_total": 0,
      "new_models_created": 0
    },
    {
      "route": "J_KCW",
      "ablation": "combined_switch_reid",
      "trajectories": 60,
      "divergence_rate": 0.85,
      "alarm_rate": 0.03333333333333333,
      "positive_lead_fraction": 0.0,
      "median_lead_time": -655.5,
      "mean_velocity_error": 2.9603349354112165e+149,
      "mean_attitude_error": 0.837153803366567,
      "static_divergence_rate": 0.85,
      "divergence_avoided_count": 0,
      "false_alarm_total": 0,
      "false_switch_total": 0,
      "new_models_created": 0
    },
    {
      "route": "J_KCW",
      "ablation": "geometry_only",
      "trajectories": 60,
      "divergence_rate": 0.85,
      "alarm_rate": 0.06666666666666667,
      "positive_lead_fraction": 0.0,
      "median_lead_time": -386.5,
      "mean_velocity_error": 2.9603349354112165e+149,
      "mean_attitude_error": 0.837153803366567,
      "static_divergence_rate": 0.85,
      "divergence_avoided_count": 0,
      "false_alarm_total": 0,
      "false_switch_total": 0,
      "new_models_created": 0
    },
    {
      "route": "J_KCW",
      "ablation": "residual_only",
      "trajectories": 60,
      "divergence_rate": 0.85,
      "alarm_rate": 0.03333333333333333,
      "positive_lead_fraction": 0.0,
      "median_lead_time": -856.0,
      "mean_velocity_error": 2.9603349354112165e+149,
      "mean_attitude_error": 0.837153803366567,
      "static_divergence_rate": 0.85,
      "divergence_avoided_count": 0,
      "false_alarm_total": 0,
      "false_switch_total": 0,
      "new_models_created": 0
    },
    {
      "route": "J_KCW",
      "ablation": "static",
      "trajectories": 60,
      "divergence_rate": 0.85,
      "alarm_rate": 0.0,
      "positive_lead_fraction": 0.0,
      "median_lead_time": null,
      "mean_velocity_error": 2.9603349354112165e+149,
      "mean_attitude_error": 0.837153803366567,
      "static_divergence_rate": 0.85,
      "divergence_avoided_count": 0,
      "false_alarm_total": 0,
      "false_switch_total": 0,
      "new_models_created": 0
    },
    {
      "route": "PF_KCW",
      "ablation": "combined",
      "trajectories": 60,
      "divergence_rate": 0.9333333333333333,
      "alarm_rate": 0.03333333333333333,
      "positive_lead_fraction": 0.0,
      "median_lead_time": -644.0,
      "mean_velocity_error": 9.333845099412244e+145,
      "mean_attitude_error": 0.7952906904034535,
      "static_divergence_rate": 0.9333333333333333,
      "divergence_avoided_count": 0,
      "false_alarm_total": 0,
      "false_switch_total": 0,
      "new_models_created": 0
    },
    {
      "route": "PF_KCW",
      "ablation": "combined_switch",
      "trajectories": 60,
      "divergence_rate": 0.9333333333333333,
      "alarm_rate": 0.03333333333333333,
      "positive_lead_fraction": 0.0,
      "median_lead_time": -644.0,
      "mean_velocity_error": 9.333845099412244e+145,
      "mean_attitude_error": 0.7952906904034535,
      "static_divergence_rate": 0.9333333333333333,
      "divergence_avoided_count": 0,
      "false_alarm_total": 0,
      "false_switch_total": 0,
      "new_models_created": 0
    },
    {
      "route": "PF_KCW",
      "ablation": "combined_switch_reid",
      "trajectories": 60,
      "divergence_rate": 0.9333333333333333,
      "alarm_rate": 0.03333333333333333,
      "positive_lead_fraction": 0.0,
      "median_lead_time": -644.0,
      "mean_velocity_error": 9.333845099412244e+145,
      "mean_attitude_error": 0.7952906904034535,
      "static_divergence_rate": 0.9333333333333333,
      "divergence_avoided_count": 0,
      "false_alarm_total": 0,
      "false_switch_total": 0,
      "new_models_created": 0
    },
    {
      "route": "PF_KCW",
      "ablation": "geometry_only",
      "trajectories": 60,
      "divergence_rate": 0.9333333333333333,
      "alarm_rate": 0.06666666666666667,
      "positive_lead_fraction": 0.0,
      "median_lead_time": -367.0,
      "mean_velocity_error": 9.333845099412244e+145,
      "mean_attitude_error": 0.7952906904034535,
      "static_divergence_rate": 0.9333333333333333,
      "divergence_avoided_count": 0,
      "false_alarm_total": 0,
      "false_switch_total": 0,
      "new_models_created": 0
    },
    {
      "route": "PF_KCW",
      "ablation": "residual_only",
      "trajectories": 60,
      "divergence_rate": 0.9333333333333333,
      "alarm_rate": 0.016666666666666666,
      "positive_lead_fraction": 0.0,
      "median_lead_time": -486.0,
      "mean_velocity_error": 9.333845099412244e+145,
      "mean_attitude_error": 0.7952906904034535,
      "static_divergence_rate": 0.9333333333333333,
      "divergence_avoided_count": 0,
      "false_alarm_total": 0,
      "false_switch_total": 0,
      "new_models_created": 0
    },
    {
      "route": "PF_KCW",
      "ablation": "static",
      "trajectories": 60,
      "divergence_rate": 0.9333333333333333,
      "alarm_rate": 0.0,
      "positive_lead_fraction": 0.0,
      "median_lead_time": null,
      "mean_velocity_error": 9.333845099412244e+145,
      "mean_attitude_error": 0.7952906904034535,
      "static_divergence_rate": 0.9333333333333333,
      "divergence_avoided_count": 0,
      "false_alarm_total": 0,
      "false_switch_total": 0,
      "new_models_created": 0
    }
  ],
  "hypothesis": "t_alarm < t_diverge_static",
  "test_accessed": false,
  "test_used_for_tuning": false,
  "historical_exact_training_divergence_retained": true,
  "r2_data_contract": {
    "contract": "CHRONOLOGICAL_PARENT_FLIGHT_TRAIN_FIT_CALIBRATION_R2",
    "fit_fraction": 0.75,
    "parent_count": 92,
    "fit_parent_count": 69,
    "calibration_parent_count": 23,
    "fit_segments": 175,
    "calibration_segments": 60,
    "excluded_test_sha_collisions": [
      {
        "train": "merged_2021-02-23-22-26-25_seg_2.csv",
        "test": "random_points.csv",
        "sha256": "afc5ab9021ad12ab216d1f98e59b79265e295dc06349d9d37a6723d568e612dd"
      }
    ],
    "test_sha_excluded_from_fit_and_calibration": true
  },
  "run_dir": "/root/autodl-tmp/PRISM_V211_NEUROBEM_MANIFOLD_SWITCH_RUNTIME/r2_full_calibration/PRISM_V2_1_1_NEUROBEM_MANIFOLD_SWITCH_R2_20260813T103845",
  "trajectory_workers": 24,
  "parallelism": "fork_cow",
  "blas_threads_per_worker": 1
}
